Archive member included because of file (symbol)

/home/ogrecooper/.pebble-sdk/SDKs/current/sdk-core/pebble/chalk/lib/libpebble.a(tmpN4as8bpebble.o)
                              src/c/pulsar.c.9.o (app_event_loop)
/home/ogrecooper/repos/pulsar-watchface/node_modules/pebble-fctx/dist/binaries/chalk/libpebble-fctx.a(fctx.c.24.o)
                              src/c/pulsar.c.9.o (fctx_begin_fill)
/home/ogrecooper/repos/pulsar-watchface/node_modules/pebble-fctx/dist/binaries/chalk/libpebble-fctx.a(ffont.c.24.o)
                              src/c/pulsar.c.9.o (ffont_create_from_resource)
/home/ogrecooper/repos/pulsar-watchface/node_modules/pebble-utf8/dist/binaries/chalk/libpebble-utf8.a(pebble-utf8.c.24.o)
                              /home/ogrecooper/repos/pulsar-watchface/node_modules/pebble-fctx/dist/binaries/chalk/libpebble-fctx.a(fctx.c.24.o) (utf8_decode_byte)

Allocating common symbols
Common symbol       size              file

g_window            0x4               src/c/pulsar.c.9.o
g_layer             0x4               src/c/pulsar.c.9.o
g_font              0x4               src/c/pulsar.c.9.o
g_local_time        0x30              src/c/pulsar.c.9.o

Discarded input sections

 .text          0x0000000000000000        0x0 /home/ogrecooper/pebble-dev/pebble-sdk-4.5-linux64/arm-cs-tools/bin/../lib/gcc/arm-none-eabi/4.7.2/thumb2/crti.o
 .bss           0x0000000000000000        0x0 /home/ogrecooper/pebble-dev/pebble-sdk-4.5-linux64/arm-cs-tools/bin/../lib/gcc/arm-none-eabi/4.7.2/thumb2/crti.o
 .init          0x0000000000000000        0x4 /home/ogrecooper/pebble-dev/pebble-sdk-4.5-linux64/arm-cs-tools/bin/../lib/gcc/arm-none-eabi/4.7.2/thumb2/crti.o
 .fini          0x0000000000000000        0x4 /home/ogrecooper/pebble-dev/pebble-sdk-4.5-linux64/arm-cs-tools/bin/../lib/gcc/arm-none-eabi/4.7.2/thumb2/crti.o
 .text          0x0000000000000000       0xc8 /home/ogrecooper/pebble-dev/pebble-sdk-4.5-linux64/arm-cs-tools/bin/../lib/gcc/arm-none-eabi/4.7.2/thumb2/crtbegin.o
 .bss           0x0000000000000000       0x1c /home/ogrecooper/pebble-dev/pebble-sdk-4.5-linux64/arm-cs-tools/bin/../lib/gcc/arm-none-eabi/4.7.2/thumb2/crtbegin.o
 .init_array    0x0000000000000000        0x4 /home/ogrecooper/pebble-dev/pebble-sdk-4.5-linux64/arm-cs-tools/bin/../lib/gcc/arm-none-eabi/4.7.2/thumb2/crtbegin.o
 .fini_array    0x0000000000000000        0x4 /home/ogrecooper/pebble-dev/pebble-sdk-4.5-linux64/arm-cs-tools/bin/../lib/gcc/arm-none-eabi/4.7.2/thumb2/crtbegin.o
 .eh_frame      0x0000000000000000        0x0 /home/ogrecooper/pebble-dev/pebble-sdk-4.5-linux64/arm-cs-tools/bin/../lib/gcc/arm-none-eabi/4.7.2/thumb2/crtbegin.o
 .jcr           0x0000000000000000        0x0 /home/ogrecooper/pebble-dev/pebble-sdk-4.5-linux64/arm-cs-tools/bin/../lib/gcc/arm-none-eabi/4.7.2/thumb2/crtbegin.o
 .tm_clone_table
                0x0000000000000000        0x0 /home/ogrecooper/pebble-dev/pebble-sdk-4.5-linux64/arm-cs-tools/bin/../lib/gcc/arm-none-eabi/4.7.2/thumb2/crtbegin.o
 .text          0x0000000000000000        0x0 src/c/pulsar.c.9.o
 .bss           0x0000000000000000        0x0 src/c/pulsar.c.9.o
 .text          0x0000000000000000        0x0 chalk/appinfo.auto.c.9.o
 .bss           0x0000000000000000        0x0 chalk/appinfo.auto.c.9.o
 .text          0x0000000000000000        0x0 chalk/src/resource_ids.auto.c.9.o
 .bss           0x0000000000000000        0x0 chalk/src/resource_ids.auto.c.9.o
 .data.RESOURCE_ID_IMAGE_MENU_ICON
                0x0000000000000000        0x4 chalk/src/resource_ids.auto.c.9.o
 .data.RESOURCE_ID_FFONT_PULSAR
                0x0000000000000000        0x4 chalk/src/resource_ids.auto.c.9.o
 .data.RESOURCE_ID_FONT_PERFECT_DOS_48
                0x0000000000000000        0x4 chalk/src/resource_ids.auto.c.9.o
 .text          0x0000000000000000        0x0 src/message_keys.auto.c.9.o
 .bss           0x0000000000000000        0x0 src/message_keys.auto.c.9.o
 .bss           0x0000000000000000        0x0 /home/ogrecooper/.pebble-sdk/SDKs/current/sdk-core/pebble/chalk/lib/libpebble.a(tmpN4as8bpebble.o)
 .text.accel_data_service_subscribe__deprecated
                0x0000000000000000        0xc /home/ogrecooper/.pebble-sdk/SDKs/current/sdk-core/pebble/chalk/lib/libpebble.a(tmpN4as8bpebble.o)
 .text.accel_data_service_unsubscribe
                0x0000000000000000        0xc /home/ogrecooper/.pebble-sdk/SDKs/current/sdk-core/pebble/chalk/lib/libpebble.a(tmpN4as8bpebble.o)
 .text.accel_service_peek
                0x0000000000000000        0xc /home/ogrecooper/.pebble-sdk/SDKs/current/sdk-core/pebble/chalk/lib/libpebble.a(tmpN4as8bpebble.o)
 .text.accel_service_set_samples_per_update
                0x0000000000000000        0xc /home/ogrecooper/.pebble-sdk/SDKs/current/sdk-core/pebble/chalk/lib/libpebble.a(tmpN4as8bpebble.o)
 .text.accel_service_set_sampling_rate
                0x0000000000000000        0xc /home/ogrecooper/.pebble-sdk/SDKs/current/sdk-core/pebble/chalk/lib/libpebble.a(tmpN4as8bpebble.o)
[...]
Memory Configuration

Name             Origin             Length             Attributes
APP              0x0000000000000000 0x0000000000010000 xrw
*default*        0x0000000000000000 0xffffffffffffffff

Linker script and memory map

LOAD /home/ogrecooper/pebble-dev/pebble-sdk-4.5-linux64/arm-cs-tools/bin/../lib/gcc/arm-none-eabi/4.7.2/thumb2/crti.o
LOAD /home/ogrecooper/pebble-dev/pebble-sdk-4.5-linux64/arm-cs-tools/bin/../lib/gcc/arm-none-eabi/4.7.2/thumb2/crtbegin.o
LOAD src/c/pulsar.c.9.o
LOAD chalk/appinfo.auto.c.9.o
LOAD chalk/src/resource_ids.auto.c.9.o
LOAD src/message_keys.auto.c.9.o
LOAD /home/ogrecooper/.pebble-sdk/SDKs/current/sdk-core/pebble/chalk/lib/libpebble.a
LOAD /home/ogrecooper/repos/pulsar-watchface/node_modules/pebble-fctx/dist/binaries/chalk/libpebble-fctx.a
LOAD /home/ogrecooper/repos/pulsar-watchface/node_modules/pebble-clay/dist/binaries/chalk/libpebble-clay.a
LOAD /home/ogrecooper/repos/pulsar-watchface/node_modules/pebble-utf8/dist/binaries/chalk/libpebble-utf8.a
START GROUP
LOAD /home/ogrecooper/pebble-dev/pebble-sdk-4.5-linux64/arm-cs-tools/bin/../lib/gcc/arm-none-eabi/4.7.2/thumb2/libgcc.a
LOAD /home/ogrecooper/pebble-dev/pebble-sdk-4.5-linux64/arm-cs-tools/bin/../lib/gcc/arm-none-eabi/4.7.2/../../../../arm-none-eabi/lib/thumb2/libc.a
END GROUP
LOAD /home/ogrecooper/pebble-dev/pebble-sdk-4.5-linux64/arm-cs-tools/bin/../lib/gcc/arm-none-eabi/4.7.2/thumb2/crtend.o
LOAD /home/ogrecooper/pebble-dev/pebble-sdk-4.5-linux64/arm-cs-tools/bin/../lib/gcc/arm-none-eabi/4.7.2/thumb2/crtn.o

.header         0x0000000000000000       0x82
 *(.pbl_header)
 .pbl_header    0x0000000000000000       0x82 chalk/appinfo.auto.c.9.o
                0x0000000000000000                __pbl_app_info

.note.gnu.build-id
                0x0000000000000082       0x26
                0x0000000000000082                PROVIDE (BUILD_ID, .)
 *(.note.gnu.build-id)
 *fill*         0x0000000000000082        0x2 
 .note.gnu.build-id
                0x0000000000000084       0x24 linker stubs

.text           0x00000000000000a8     0x10c8
 *(.text)
 .text          0x00000000000000a8       0x14 /home/ogrecooper/.pebble-sdk/SDKs/current/sdk-core/pebble/chalk/lib/libpebble.a(tmpN4as8bpebble.o)
 *(.text.*)
 .text.on_tick_timer
                0x00000000000000bc       0x38 src/c/pulsar.c.9.o
                0x00000000000000bc                on_tick_timer
 .text.on_layer_update
                0x00000000000000f4       0xf0 src/c/pulsar.c.9.o
                0x00000000000000f4                on_layer_update
 .text.save_settings
                0x00000000000001e4       0x10 src/c/pulsar.c.9.o
                0x00000000000001e4                save_settings
 .text.on_inbox_received
                0x00000000000001f4       0xa8 src/c/pulsar.c.9.o
                0x00000000000001f4                on_inbox_received
 .text.startup.main
                0x000000000000029c      0x11c src/c/pulsar.c.9.o
                0x000000000000029c                main
 .text.app_event_loop
                0x00000000000003b8        0xc /home/ogrecooper/.pebble-sdk/SDKs/current/sdk-core/pebble/chalk/lib/libpebble.a(tmpN4as8bpebble.o)
                0x00000000000003b8                app_event_loop
 .text.app_log  0x00000000000003c4        0xc /home/ogrecooper/.pebble-sdk/SDKs/current/sdk-core/pebble/chalk/lib/libpebble.a(tmpN4as8bpebble.o)
                0x00000000000003c4                app_log
 .text.app_message_open
                0x00000000000003d0        0xc /home/ogrecooper/.pebble-sdk/SDKs/current/sdk-core/pebble/chalk/lib/libpebble.a(tmpN4as8bpebble.o)
                0x00000000000003d0                app_message_open
 .text.atan2_lookup
                0x00000000000003dc        0xc /home/ogrecooper/.pebble-sdk/SDKs/current/sdk-core/pebble/chalk/lib/libpebble.a(tmpN4as8bpebble.o)
                0x00000000000003dc                atan2_lookup
 .text.clock_is_24h_style
                0x00000000000003e8        0xc /home/ogrecooper/.pebble-sdk/SDKs/current/sdk-core/pebble/chalk/lib/libpebble.a(tmpN4as8bpebble.o)
                0x00000000000003e8                clock_is_24h_style
 .text.cos_lookup
                0x00000000000003f4        0xc /home/ogrecooper/.pebble-sdk/SDKs/current/sdk-core/pebble/chalk/lib/libpebble.a(tmpN4as8bpebble.o)
                0x00000000000003f4                cos_lookup
 .text.dict_find
                0x0000000000000400        0xc /home/ogrecooper/.pebble-sdk/SDKs/current/sdk-core/pebble/chalk/lib/libpebble.a(tmpN4as8bpebble.o)
                0x0000000000000400                dict_find
 .text.free     0x000000000000040c        0xc /home/ogrecooper/.pebble-sdk/SDKs/current/sdk-core/pebble/chalk/lib/libpebble.a(tmpN4as8bpebble.o)
                0x000000000000040c                free
 .text.gbitmap_destroy
                0x0000000000000418        0xc /home/ogrecooper/.pebble-sdk/SDKs/current/sdk-core/pebble/chalk/lib/libpebble.a(tmpN4as8bpebble.o)
                0x0000000000000418                gbitmap_destroy
 .text.layer_add_child
                0x0000000000000424        0xc /home/ogrecooper/.pebble-sdk/SDKs/current/sdk-core/pebble/chalk/lib/libpebble.a(tmpN4as8bpebble.o)
                0x0000000000000424                layer_add_child
 .text.layer_create
                0x0000000000000430        0xc /home/ogrecooper/.pebble-sdk/SDKs/current/sdk-core/pebble/chalk/lib/libpebble.a(tmpN4as8bpebble.o)
                0x0000000000000430                layer_create
 .text.layer_destroy
                0x000000000000043c        0xc /home/ogrecooper/.pebble-sdk/SDKs/current/sdk-core/pebble/chalk/lib/libpebble.a(tmpN4as8bpebble.o)
                0x000000000000043c                layer_destroy
 .text.layer_get_bounds
                0x0000000000000448        0xc /home/ogrecooper/.pebble-sdk/SDKs/current/sdk-core/pebble/chalk/lib/libpebble.a(tmpN4as8bpebble.o)
                0x0000000000000448                layer_get_bounds
 .text.layer_get_frame
                0x0000000000000454        0xc /home/ogrecooper/.pebble-sdk/SDKs/current/sdk-core/pebble/chalk/lib/libpebble.a(tmpN4as8bpebble.o)
                0x0000000000000454                layer_get_frame
 .text.layer_mark_dirty
                0x0000000000000460        0xc /home/ogrecooper/.pebble-sdk/SDKs/current/sdk-core/pebble/chalk/lib/libpebble.a(tmpN4as8bpebble.o)
                0x0000000000000460                layer_mark_dirty
 .text.layer_set_update_proc
                0x000000000000046c        0xc /home/ogrecooper/.pebble-sdk/SDKs/current/sdk-core/pebble/chalk/lib/libpebble.a(tmpN4as8bpebble.o)
                0x000000000000046c                layer_set_update_proc
 .text.malloc   0x0000000000000478        0xc /home/ogrecooper/.pebble-sdk/SDKs/current/sdk-core/pebble/chalk/lib/libpebble.a(tmpN4as8bpebble.o)
                0x0000000000000478                malloc
 .text.persist_exists
                0x0000000000000484        0xc /home/ogrecooper/.pebble-sdk/SDKs/current/sdk-core/pebble/chalk/lib/libpebble.a(tmpN4as8bpebble.o)
                0x0000000000000484                persist_exists
 .text.resource_get_handle
                0x0000000000000490        0xc /home/ogrecooper/.pebble-sdk/SDKs/current/sdk-core/pebble/chalk/lib/libpebble.a(tmpN4as8bpebble.o)
                0x0000000000000490                resource_get_handle
 .text.resource_load
                0x000000000000049c        0xc /home/ogrecooper/.pebble-sdk/SDKs/current/sdk-core/pebble/chalk/lib/libpebble.a(tmpN4as8bpebble.o)
                0x000000000000049c                resource_load
 .text.resource_size
                0x00000000000004a8        0xc /home/ogrecooper/.pebble-sdk/SDKs/current/sdk-core/pebble/chalk/lib/libpebble.a(tmpN4as8bpebble.o)
                0x00000000000004a8                resource_size
 .text.sin_lookup
                0x00000000000004b4        0xc /home/ogrecooper/.pebble-sdk/SDKs/current/sdk-core/pebble/chalk/lib/libpebble.a(tmpN4as8bpebble.o)
                0x00000000000004b4                sin_lookup
 .text.strftime
                0x00000000000004c0        0xc /home/ogrecooper/.pebble-sdk/SDKs/current/sdk-core/pebble/chalk/lib/libpebble.a(tmpN4as8bpebble.o)
                0x00000000000004c0                strftime
 .text.tick_timer_service_subscribe
                0x00000000000004cc        0xc /home/ogrecooper/.pebble-sdk/SDKs/current/sdk-core/pebble/chalk/lib/libpebble.a(tmpN4as8bpebble.o)
                0x00000000000004cc                tick_timer_service_subscribe
 .text.tick_timer_service_unsubscribe
                0x00000000000004d8        0xc /home/ogrecooper/.pebble-sdk/SDKs/current/sdk-core/pebble/chalk/lib/libpebble.a(tmpN4as8bpebble.o)
                0x00000000000004d8                tick_timer_service_unsubscribe
 .text.window_create
                0x00000000000004e4        0xc /home/ogrecooper/.pebble-sdk/SDKs/current/sdk-core/pebble/chalk/lib/libpebble.a(tmpN4as8bpebble.o)
                0x00000000000004e4                window_create
 .text.window_destroy
                0x00000000000004f0        0xc /home/ogrecooper/.pebble-sdk/SDKs/current/sdk-core/pebble/chalk/lib/libpebble.a(tmpN4as8bpebble.o)
                0x00000000000004f0                window_destroy
 .text.window_get_root_layer
                0x00000000000004fc        0xc /home/ogrecooper/.pebble-sdk/SDKs/current/sdk-core/pebble/chalk/lib/libpebble.a(tmpN4as8bpebble.o)
                0x00000000000004fc                window_get_root_layer
 .text.window_stack_push
                0x0000000000000508        0xc /home/ogrecooper/.pebble-sdk/SDKs/current/sdk-core/pebble/chalk/lib/libpebble.a(tmpN4as8bpebble.o)
                0x0000000000000508                window_stack_push
 .text.app_message_register_inbox_received
                0x0000000000000514        0xc /home/ogrecooper/.pebble-sdk/SDKs/current/sdk-core/pebble/chalk/lib/libpebble.a(tmpN4as8bpebble.o)
                0x0000000000000514                app_message_register_inbox_received
 .text.persist_read_data
                0x0000000000000520        0xc /home/ogrecooper/.pebble-sdk/SDKs/current/sdk-core/pebble/chalk/lib/libpebble.a(tmpN4as8bpebble.o)
                0x0000000000000520                persist_read_data
 .text.persist_write_data
                0x000000000000052c        0xc /home/ogrecooper/.pebble-sdk/SDKs/current/sdk-core/pebble/chalk/lib/libpebble.a(tmpN4as8bpebble.o)
                0x000000000000052c                persist_write_data
 .text.graphics_release_frame_buffer
                0x0000000000000538        0xc /home/ogrecooper/.pebble-sdk/SDKs/current/sdk-core/pebble/chalk/lib/libpebble.a(tmpN4as8bpebble.o)
                0x0000000000000538                graphics_release_frame_buffer
 .text.window_set_background_color
                0x0000000000000544        0xc /home/ogrecooper/.pebble-sdk/SDKs/current/sdk-core/pebble/chalk/lib/libpebble.a(tmpN4as8bpebble.o)
                0x0000000000000544                window_set_background_color
 .text.localtime
                0x0000000000000550        0xc /home/ogrecooper/.pebble-sdk/SDKs/current/sdk-core/pebble/chalk/lib/libpebble.a(tmpN4as8bpebble.o)
                0x0000000000000550                localtime
 .text.gbitmap_create_blank
                0x000000000000055c        0xc /home/ogrecooper/.pebble-sdk/SDKs/current/sdk-core/pebble/chalk/lib/libpebble.a(tmpN4as8bpebble.o)
                0x000000000000055c                gbitmap_create_blank
 .text.graphics_capture_frame_buffer
                0x0000000000000568        0xc /home/ogrecooper/.pebble-sdk/SDKs/current/sdk-core/pebble/chalk/lib/libpebble.a(tmpN4as8bpebble.o)
                0x0000000000000568                graphics_capture_frame_buffer
 .text.gbitmap_get_bounds
                0x0000000000000574        0xc /home/ogrecooper/.pebble-sdk/SDKs/current/sdk-core/pebble/chalk/lib/libpebble.a(tmpN4as8bpebble.o)
                0x0000000000000574                gbitmap_get_bounds
 .text.gbitmap_get_format
                0x0000000000000580        0xc /home/ogrecooper/.pebble-sdk/SDKs/current/sdk-core/pebble/chalk/lib/libpebble.a(tmpN4as8bpebble.o)
                0x0000000000000580                gbitmap_get_format
 .text.time     0x000000000000058c        0xc /home/ogrecooper/.pebble-sdk/SDKs/current/sdk-core/pebble/chalk/lib/libpebble.a(tmpN4as8bpebble.o)
                0x000000000000058c                time
 .text.gbitmap_get_data_row_info
                0x0000000000000598        0xc /home/ogrecooper/.pebble-sdk/SDKs/current/sdk-core/pebble/chalk/lib/libpebble.a(tmpN4as8bpebble.o)
                0x0000000000000598                gbitmap_get_data_row_info
 .text.fctx_move_to_func
                0x00000000000005a4       0x1c /home/ogrecooper/repos/pulsar-watchface/node_modules/pebble-fctx/dist/binaries/chalk/libpebble-fctx.a(fctx.c.24.o)
                0x00000000000005a4                fctx_move_to_func
 .text.fctx_line_to_func
                0x00000000000005c0       0x24 /home/ogrecooper/repos/pulsar-watchface/node_modules/pebble-fctx/dist/binaries/chalk/libpebble-fctx.a(fctx.c.24.o)
                0x00000000000005c0                fctx_line_to_func
 .text.bezier   0x00000000000005e4      0x154 /home/ogrecooper/repos/pulsar-watchface/node_modules/pebble-fctx/dist/binaries/chalk/libpebble-fctx.a(fctx.c.24.o)
 .text.fctx_curve_to_func
                0x0000000000000738       0x38 /home/ogrecooper/repos/pulsar-watchface/node_modules/pebble-fctx/dist/binaries/chalk/libpebble-fctx.a(fctx.c.24.o)
                0x0000000000000738                fctx_curve_to_func
 .text.fctx_init_context_aa
                0x0000000000000770       0x78 /home/ogrecooper/repos/pulsar-watchface/node_modules/pebble-fctx/dist/binaries/chalk/libpebble-fctx.a(fctx.c.24.o)
                0x0000000000000770                fctx_init_context_aa
 .text.floorDivMod
                0x00000000000007e8       0x36 /home/ogrecooper/repos/pulsar-watchface/node_modules/pebble-fctx/dist/binaries/chalk/libpebble-fctx.a(fctx.c.24.o)
                0x00000000000007e8                floorDivMod
 .text.edge_step
                0x000000000000081e       0x30 /home/ogrecooper/repos/pulsar-watchface/node_modules/pebble-fctx/dist/binaries/chalk/libpebble-fctx.a(fctx.c.24.o)
                0x000000000000081e                edge_step
 .text.fctx_begin_fill
                0x000000000000084e       0x3e /home/ogrecooper/repos/pulsar-watchface/node_modules/pebble-fctx/dist/binaries/chalk/libpebble-fctx.a(fctx.c.24.o)
                0x000000000000084e                fctx_begin_fill
 .text.fctx_deinit_context
                0x000000000000088c       0x14 /home/ogrecooper/repos/pulsar-watchface/node_modules/pebble-fctx/dist/binaries/chalk/libpebble-fctx.a(fctx.c.24.o)
                0x000000000000088c                fctx_deinit_context
 .text.fctx_set_fill_color
                0x00000000000008a0        0x6 /home/ogrecooper/repos/pulsar-watchface/node_modules/pebble-fctx/dist/binaries/chalk/libpebble-fctx.a(fctx.c.24.o)
                0x00000000000008a0                fctx_set_fill_color
 .text.fctx_set_color_bias
                0x00000000000008a6        0x6 /home/ogrecooper/repos/pulsar-watchface/node_modules/pebble-fctx/dist/binaries/chalk/libpebble-fctx.a(fctx.c.24.o)
                0x00000000000008a6                fctx_set_color_bias
 .text.fctx_set_pivot
                0x00000000000008ac       0x14 /home/ogrecooper/repos/pulsar-watchface/node_modules/pebble-fctx/dist/binaries/chalk/libpebble-fctx.a(fctx.c.24.o)
                0x00000000000008ac                fctx_set_pivot
 .text.fctx_set_offset
                0x00000000000008c0       0x14 /home/ogrecooper/repos/pulsar-watchface/node_modules/pebble-fctx/dist/binaries/chalk/libpebble-fctx.a(fctx.c.24.o)
                0x00000000000008c0                fctx_set_offset
 .text.fctx_set_rotation
                0x00000000000008d4        0x4 /home/ogrecooper/repos/pulsar-watchface/node_modules/pebble-fctx/dist/binaries/chalk/libpebble-fctx.a(fctx.c.24.o)
                0x00000000000008d4                fctx_set_rotation
 .text.fceil_aa
                0x00000000000008d8       0x16 /home/ogrecooper/repos/pulsar-watchface/node_modules/pebble-fctx/dist/binaries/chalk/libpebble-fctx.a(fctx.c.24.o)
                0x00000000000008d8                fceil_aa
 .text.edge_init_aa
                0x00000000000008ee       0x6c /home/ogrecooper/repos/pulsar-watchface/node_modules/pebble-fctx/dist/binaries/chalk/libpebble-fctx.a(fctx.c.24.o)
                0x00000000000008ee                edge_init_aa
 *fill*         0x000000000000095a        0x2 
 .text.fctx_plot_edge_aa
                0x000000000000095c       0xb4 /home/ogrecooper/repos/pulsar-watchface/node_modules/pebble-fctx/dist/binaries/chalk/libpebble-fctx.a(fctx.c.24.o)
                0x000000000000095c                fctx_plot_edge_aa
 .text.countBits
                0x0000000000000a10       0x12 /home/ogrecooper/repos/pulsar-watchface/node_modules/pebble-fctx/dist/binaries/chalk/libpebble-fctx.a(fctx.c.24.o)
                0x0000000000000a10                countBits
 .text.fctx_end_fill_aa
                0x0000000000000a22      0x17e /home/ogrecooper/repos/pulsar-watchface/node_modules/pebble-fctx/dist/binaries/chalk/libpebble-fctx.a(fctx.c.24.o)
                0x0000000000000a22                fctx_end_fill_aa
 .text.fctx_transform_points
                0x0000000000000ba0       0xec /home/ogrecooper/repos/pulsar-watchface/node_modules/pebble-fctx/dist/binaries/chalk/libpebble-fctx.a(fctx.c.24.o)
                0x0000000000000ba0                fctx_transform_points
 .text.fctx_draw_commands
                0x0000000000000c8c      0x258 /home/ogrecooper/repos/pulsar-watchface/node_modules/pebble-fctx/dist/binaries/chalk/libpebble-fctx.a(fctx.c.24.o)
                0x0000000000000c8c                fctx_draw_commands
 .text.fctx_set_text_em_height
                0x0000000000000ee4       0x16 /home/ogrecooper/repos/pulsar-watchface/node_modules/pebble-fctx/dist/binaries/chalk/libpebble-fctx.a(fctx.c.24.o)
                0x0000000000000ee4                fctx_set_text_em_height
 .text.fctx_draw_string
                0x0000000000000efa       0xf2 /home/ogrecooper/repos/pulsar-watchface/node_modules/pebble-fctx/dist/binaries/chalk/libpebble-fctx.a(fctx.c.24.o)
                0x0000000000000efa                fctx_draw_string
 .text.ffont_create_from_resource
                0x0000000000000fec       0x24 /home/ogrecooper/repos/pulsar-watchface/node_modules/pebble-fctx/dist/binaries/chalk/libpebble-fctx.a(ffont.c.24.o)
                0x0000000000000fec                ffont_create_from_resource
 .text.ffont_glyph_table
                0x0000000000001010        0xa /home/ogrecooper/repos/pulsar-watchface/node_modules/pebble-fctx/dist/binaries/chalk/libpebble-fctx.a(ffont.c.24.o)
                0x0000000000001010                ffont_glyph_table
 .text.ffont_path_data
                0x000000000000101a       0x12 /home/ogrecooper/repos/pulsar-watchface/node_modules/pebble-fctx/dist/binaries/chalk/libpebble-fctx.a(ffont.c.24.o)
                0x000000000000101a                ffont_path_data
 .text.ffont_glyph_info
                0x000000000000102c       0x3e /home/ogrecooper/repos/pulsar-watchface/node_modules/pebble-fctx/dist/binaries/chalk/libpebble-fctx.a(ffont.c.24.o)
                0x000000000000102c                ffont_glyph_info
 .text.ffont_glyph_outline
                0x000000000000106a        0xe /home/ogrecooper/repos/pulsar-watchface/node_modules/pebble-fctx/dist/binaries/chalk/libpebble-fctx.a(ffont.c.24.o)
                0x000000000000106a                ffont_glyph_outline
 .text.ffont_destroy
                0x0000000000001078        0x4 /home/ogrecooper/repos/pulsar-watchface/node_modules/pebble-fctx/dist/binaries/chalk/libpebble-fctx.a(ffont.c.24.o)
                0x0000000000001078                ffont_destroy
 .text.utf8_decode_byte
                0x000000000000107c       0x82 /home/ogrecooper/repos/pulsar-watchface/node_modules/pebble-utf8/dist/binaries/chalk/libpebble-utf8.a(pebble-utf8.c.24.o)
                0x000000000000107c                utf8_decode_byte
 *(.rodata)
 *fill*         0x00000000000010fe        0x2 
 .rodata        0x0000000000001100        0x8 /home/ogrecooper/repos/pulsar-watchface/node_modules/pebble-fctx/dist/binaries/chalk/libpebble-fctx.a(fctx.c.24.o)
 *(.rodata*)
 .rodata.str1.1
                0x0000000000001108        0xc src/c/pulsar.c.9.o
 .rodata.str1.1
                0x0000000000001114       0x39 /home/ogrecooper/repos/pulsar-watchface/node_modules/pebble-fctx/dist/binaries/chalk/libpebble-fctx.a(fctx.c.24.o)
 *fill*         0x000000000000114d        0x3 
 .rodata.k_sampling_offsets
                0x0000000000001150       0x20 /home/ogrecooper/repos/pulsar-watchface/node_modules/pebble-fctx/dist/binaries/chalk/libpebble-fctx.a(fctx.c.24.o)

.glue_7         0x0000000000001170        0x0
 .glue_7        0x0000000000000000        0x0 linker stubs

.glue_7t        0x0000000000001170        0x0
 .glue_7t       0x0000000000000000        0x0 linker stubs

.vfp11_veneer   0x0000000000001170        0x0
 .vfp11_veneer  0x0000000000000000        0x0 linker stubs

.v4_bx          0x0000000000001170        0x0
 .v4_bx         0x0000000000000000        0x0 linker stubs

.iplt           0x0000000000001170        0x0
 .iplt          0x0000000000000000        0x0 /home/ogrecooper/pebble-dev/pebble-sdk-4.5-linux64/arm-cs-tools/bin/../lib/gcc/arm-none-eabi/4.7.2/thumb2/crtbegin.o

.rel.dyn        0x0000000000001170        0x0
 .rel.iplt      0x0000000000000000        0x0 /home/ogrecooper/pebble-dev/pebble-sdk-4.5-linux64/arm-cs-tools/bin/../lib/gcc/arm-none-eabi/4.7.2/thumb2/crtbegin.o
 .rel.got       0x0000000000000000        0x0 /home/ogrecooper/pebble-dev/pebble-sdk-4.5-linux64/arm-cs-tools/bin/../lib/gcc/arm-none-eabi/4.7.2/thumb2/crtbegin.o

.data           0x0000000000001170       0x18
 *(.data)
 .data          0x0000000000001170        0x0 /home/ogrecooper/pebble-dev/pebble-sdk-4.5-linux64/arm-cs-tools/bin/../lib/gcc/arm-none-eabi/4.7.2/thumb2/crti.o
 .data          0x0000000000001170        0x4 /home/ogrecooper/pebble-dev/pebble-sdk-4.5-linux64/arm-cs-tools/bin/../lib/gcc/arm-none-eabi/4.7.2/thumb2/crtbegin.o
                0x0000000000001170                __dso_handle
 .data          0x0000000000001174        0x0 src/c/pulsar.c.9.o
 .data          0x0000000000001174        0x0 chalk/appinfo.auto.c.9.o
 .data          0x0000000000001174        0x0 chalk/src/resource_ids.auto.c.9.o
 .data          0x0000000000001174        0x0 src/message_keys.auto.c.9.o
 .data          0x0000000000001174        0x0 /home/ogrecooper/.pebble-sdk/SDKs/current/sdk-core/pebble/chalk/lib/libpebble.a(tmpN4as8bpebble.o)
 .data          0x0000000000001174        0x0 /home/ogrecooper/repos/pulsar-watchface/node_modules/pebble-fctx/dist/binaries/chalk/libpebble-fctx.a(fctx.c.24.o)
 .data          0x0000000000001174        0x0 /home/ogrecooper/repos/pulsar-watchface/node_modules/pebble-fctx/dist/binaries/chalk/libpebble-fctx.a(ffont.c.24.o)
 .data          0x0000000000001174        0x0 /home/ogrecooper/repos/pulsar-watchface/node_modules/pebble-utf8/dist/binaries/chalk/libpebble-utf8.a(pebble-utf8.c.24.o)
 .data          0x0000000000001174        0x0 /home/ogrecooper/pebble-dev/pebble-sdk-4.5-linux64/arm-cs-tools/bin/../lib/gcc/arm-none-eabi/4.7.2/thumb2/crtend.o
 .data          0x0000000000001174        0x0 /home/ogrecooper/pebble-dev/pebble-sdk-4.5-linux64/arm-cs-tools/bin/../lib/gcc/arm-none-eabi/4.7.2/thumb2/crtn.o
 *(.data.*)
 .data.MESSAGE_KEY_ForegroundColor
                0x0000000000001174        0x4 src/message_keys.auto.c.9.o
                0x0000000000001174                MESSAGE_KEY_ForegroundColor
 .data.MESSAGE_KEY_BackgroundColor
                0x0000000000001178        0x4 src/message_keys.auto.c.9.o
                0x0000000000001178                MESSAGE_KEY_BackgroundColor
 .data.rel.fctx_plot_edge
                0x000000000000117c        0x4 /home/ogrecooper/repos/pulsar-watchface/node_modules/pebble-fctx/dist/binaries/chalk/libpebble-fctx.a(fctx.c.24.o)
                0x000000000000117c                fctx_plot_edge
 .data.rel.fctx_end_fill
                0x0000000000001180        0x4 /home/ogrecooper/repos/pulsar-watchface/node_modules/pebble-fctx/dist/binaries/chalk/libpebble-fctx.a(fctx.c.24.o)
                0x0000000000001180                fctx_end_fill
 .data.rel.fctx_init_context
                0x0000000000001184        0x4 /home/ogrecooper/repos/pulsar-watchface/node_modules/pebble-fctx/dist/binaries/chalk/libpebble-fctx.a(fctx.c.24.o)
                0x0000000000001184                fctx_init_context

.igot.plt       0x0000000000001188        0x0
 .igot.plt      0x0000000000000000        0x0 /home/ogrecooper/pebble-dev/pebble-sdk-4.5-linux64/arm-cs-tools/bin/../lib/gcc/arm-none-eabi/4.7.2/thumb2/crtbegin.o

.got            0x0000000000001188       0x20
 .got           0x0000000000001188       0x20 /home/ogrecooper/pebble-dev/pebble-sdk-4.5-linux64/arm-cs-tools/bin/../lib/gcc/arm-none-eabi/4.7.2/thumb2/crtbegin.o

.got.plt        0x00000000000011a8        0xc
 .got.plt       0x00000000000011a8        0xc /home/ogrecooper/pebble-dev/pebble-sdk-4.5-linux64/arm-cs-tools/bin/../lib/gcc/arm-none-eabi/4.7.2/thumb2/crtbegin.o
                0x00000000000011a8                _GLOBAL_OFFSET_TABLE_

.bss            0x00000000000011b4       0x40
 *(.bss)
 *(.bss.*)
 .bss.settings  0x00000000000011b4        0x2 src/c/pulsar.c.9.o
 *fill*         0x00000000000011b6        0x2 
 COMMON         0x00000000000011b8       0x3c src/c/pulsar.c.9.o
                0x00000000000011b8                g_window
                0x00000000000011bc                g_layer
                0x00000000000011c0                g_font
                0x00000000000011c4                g_local_time

DISCARD
 libc.a(*)
 libm.a(*)
 libgcc.a(*)
 *(.eh_frame)
OUTPUT(/home/ogrecooper/repos/pulsar-watchface/build/chalk/pebble-app.elf elf32-littlearm)

.ARM.attributes
                0x0000000000000000       0x27
 .ARM.attributes
                0x0000000000000000       0x19 /home/ogrecooper/pebble-dev/pebble-sdk-4.5-linux64/arm-cs-tools/bin/../lib/gcc/arm-none-eabi/4.7.2/thumb2/crti.o
 .ARM.attributes
                0x0000000000000019       0x29 /home/ogrecooper/pebble-dev/pebble-sdk-4.5-linux64/arm-cs-tools/bin/../lib/gcc/arm-none-eabi/4.7.2/thumb2/crtbegin.o
 .ARM.attributes
                0x0000000000000042       0x33 src/c/pulsar.c.9.o
 .ARM.attributes
                0x0000000000000075       0x33 chalk/appinfo.auto.c.9.o
 .ARM.attributes
                0x00000000000000a8       0x33 chalk/src/resource_ids.auto.c.9.o
 .ARM.attributes
                0x00000000000000db       0x33 src/message_keys.auto.c.9.o
 .ARM.attributes
                0x000000000000010e       0x21 /home/ogrecooper/.pebble-sdk/SDKs/current/sdk-core/pebble/chalk/lib/libpebble.a(tmpN4as8bpebble.o)
 .ARM.attributes
                0x000000000000012f       0x33 /home/ogrecooper/repos/pulsar-watchface/node_modules/pebble-fctx/dist/binaries/chalk/libpebble-fctx.a(fctx.c.24.o)
 .ARM.attributes
                0x0000000000000162       0x33 /home/ogrecooper/repos/pulsar-watchface/node_modules/pebble-fctx/dist/binaries/chalk/libpebble-fctx.a(ffont.c.24.o)
 .ARM.attributes
                0x0000000000000195       0x33 /home/ogrecooper/repos/pulsar-watchface/node_modules/pebble-utf8/dist/binaries/chalk/libpebble-utf8.a(pebble-utf8.c.24.o)
 .ARM.attributes
                0x00000000000001c8       0x29 /home/ogrecooper/pebble-dev/pebble-sdk-4.5-linux64/arm-cs-tools/bin/../lib/gcc/arm-none-eabi/4.7.2/thumb2/crtend.o
 .ARM.attributes
                0x00000000000001f1       0x19 /home/ogrecooper/pebble-dev/pebble-sdk-4.5-linux64/arm-cs-tools/bin/../lib/gcc/arm-none-eabi/4.7.2/thumb2/crtn.o

.comment        0x0000000000000000       0x9c
 .comment       0x0000000000000000       0x4e /home/ogrecooper/pebble-dev/pebble-sdk-4.5-linux64/arm-cs-tools/bin/../lib/gcc/arm-none-eabi/4.7.2/thumb2/crtbegin.o
                                         0x4f (size before relaxing)
 .comment       0x0000000000000000       0x4f src/c/pulsar.c.9.o
 .comment       0x0000000000000000       0x4f chalk/appinfo.auto.c.9.o
 .comment       0x0000000000000000       0x4f chalk/src/resource_ids.auto.c.9.o
 .comment       0x0000000000000000       0x4f src/message_keys.auto.c.9.o
 .comment       0x000000000000004e       0x4e /home/ogrecooper/repos/pulsar-watchface/node_modules/pebble-fctx/dist/binaries/chalk/libpebble-fctx.a(fctx.c.24.o)
                                         0x4f (size before relaxing)
 .comment       0x0000000000000000       0x4f /home/ogrecooper/repos/pulsar-watchface/node_modules/pebble-fctx/dist/binaries/chalk/libpebble-fctx.a(ffont.c.24.o)
 .comment       0x0000000000000000       0x4f /home/ogrecooper/repos/pulsar-watchface/node_modules/pebble-utf8/dist/binaries/chalk/libpebble-utf8.a(pebble-utf8.c.24.o)
 .comment       0x0000000000000000       0x4f /home/ogrecooper/pebble-dev/pebble-sdk-4.5-linux64/arm-cs-tools/bin/../lib/gcc/arm-none-eabi/4.7.2/thumb2/crtend.o

.debug_info     0x0000000000000000     0x4993
 .debug_info    0x0000000000000000     0x1175 src/c/pulsar.c.9.o
 .debug_info    0x0000000000001175      0x349 chalk/appinfo.auto.c.9.o
 .debug_info    0x00000000000014be       0xa5 chalk/src/resource_ids.auto.c.9.o
 .debug_info    0x0000000000001563       0x93 src/message_keys.auto.c.9.o
 .debug_info    0x00000000000015f6     0x2a41 /home/ogrecooper/repos/pulsar-watchface/node_modules/pebble-fctx/dist/binaries/chalk/libpebble-fctx.a(fctx.c.24.o)
 .debug_info    0x0000000000004037      0x7c3 /home/ogrecooper/repos/pulsar-watchface/node_modules/pebble-fctx/dist/binaries/chalk/libpebble-fctx.a(ffont.c.24.o)
 .debug_info    0x00000000000047fa      0x199 /home/ogrecooper/repos/pulsar-watchface/node_modules/pebble-utf8/dist/binaries/chalk/libpebble-utf8.a(pebble-utf8.c.24.o)

.debug_abbrev   0x0000000000000000      0xdac
 .debug_abbrev  0x0000000000000000      0x36c src/c/pulsar.c.9.o
 .debug_abbrev  0x000000000000036c       0x9e chalk/appinfo.auto.c.9.o
 .debug_abbrev  0x000000000000040a       0x44 chalk/src/resource_ids.auto.c.9.o
 .debug_abbrev  0x000000000000044e       0x44 src/message_keys.auto.c.9.o
 .debug_abbrev  0x0000000000000492      0x5c1 /home/ogrecooper/repos/pulsar-watchface/node_modules/pebble-fctx/dist/binaries/chalk/libpebble-fctx.a(fctx.c.24.o)
 .debug_abbrev  0x0000000000000a53      0x266 /home/ogrecooper/repos/pulsar-watchface/node_modules/pebble-fctx/dist/binaries/chalk/libpebble-fctx.a(ffont.c.24.o)
 .debug_abbrev  0x0000000000000cb9       0xf3 /home/ogrecooper/repos/pulsar-watchface/node_modules/pebble-utf8/dist/binaries/chalk/libpebble-utf8.a(pebble-utf8.c.24.o)

.debug_loc      0x0000000000000000     0x365d
 .debug_loc     0x0000000000000000      0x211 src/c/pulsar.c.9.o
 .debug_loc     0x0000000000000211     0x2cd5 /home/ogrecooper/repos/pulsar-watchface/node_modules/pebble-fctx/dist/binaries/chalk/libpebble-fctx.a(fctx.c.24.o)
 .debug_loc     0x0000000000002ee6      0x5f9 /home/ogrecooper/repos/pulsar-watchface/node_modules/pebble-fctx/dist/binaries/chalk/libpebble-fctx.a(ffont.c.24.o)
 .debug_loc     0x00000000000034df      0x17e /home/ogrecooper/repos/pulsar-watchface/node_modules/pebble-utf8/dist/binaries/chalk/libpebble-utf8.a(pebble-utf8.c.24.o)

.debug_aranges  0x0000000000000000      0x290
 .debug_aranges
                0x0000000000000000       0x40 src/c/pulsar.c.9.o
 .debug_aranges
                0x0000000000000040       0x18 chalk/appinfo.auto.c.9.o
 .debug_aranges
                0x0000000000000058       0x18 chalk/src/resource_ids.auto.c.9.o
 .debug_aranges
                0x0000000000000070       0x18 src/message_keys.auto.c.9.o
 .debug_aranges
                0x0000000000000088      0x178 /home/ogrecooper/repos/pulsar-watchface/node_modules/pebble-fctx/dist/binaries/chalk/libpebble-fctx.a(fctx.c.24.o)
 .debug_aranges
                0x0000000000000200       0x60 /home/ogrecooper/repos/pulsar-watchface/node_modules/pebble-fctx/dist/binaries/chalk/libpebble-fctx.a(ffont.c.24.o)
 .debug_aranges
                0x0000000000000260       0x30 /home/ogrecooper/repos/pulsar-watchface/node_modules/pebble-utf8/dist/binaries/chalk/libpebble-utf8.a(pebble-utf8.c.24.o)

.debug_ranges   0x0000000000000000      0x3b0
 .debug_ranges  0x0000000000000000       0x60 src/c/pulsar.c.9.o
 .debug_ranges  0x0000000000000060      0x250 /home/ogrecooper/repos/pulsar-watchface/node_modules/pebble-fctx/dist/binaries/chalk/libpebble-fctx.a(fctx.c.24.o)
 .debug_ranges  0x00000000000002b0       0xe0 /home/ogrecooper/repos/pulsar-watchface/node_modules/pebble-fctx/dist/binaries/chalk/libpebble-fctx.a(ffont.c.24.o)
 .debug_ranges  0x0000000000000390       0x20 /home/ogrecooper/repos/pulsar-watchface/node_modules/pebble-utf8/dist/binaries/chalk/libpebble-utf8.a(pebble-utf8.c.24.o)

.debug_line     0x0000000000000000     0x1552
 .debug_line    0x0000000000000000      0x3eb src/c/pulsar.c.9.o
 .debug_line    0x00000000000003eb      0x127 chalk/appinfo.auto.c.9.o
 .debug_line    0x0000000000000512       0xcf chalk/src/resource_ids.auto.c.9.o
 .debug_line    0x00000000000005e1       0xc9 src/message_keys.auto.c.9.o
 .debug_line    0x00000000000006aa      0xa45 /home/ogrecooper/repos/pulsar-watchface/node_modules/pebble-fctx/dist/binaries/chalk/libpebble-fctx.a(fctx.c.24.o)
 .debug_line    0x00000000000010ef      0x30c /home/ogrecooper/repos/pulsar-watchface/node_modules/pebble-fctx/dist/binaries/chalk/libpebble-fctx.a(ffont.c.24.o)
 .debug_line    0x00000000000013fb      0x157 /home/ogrecooper/repos/pulsar-watchface/node_modules/pebble-utf8/dist/binaries/chalk/libpebble-utf8.a(pebble-utf8.c.24.o)

.debug_str      0x0000000000000000     0x15e2
 .debug_str     0x0000000000000000      0x9c7 src/c/pulsar.c.9.o
                                        0xaa7 (size before relaxing)
 .debug_str     0x00000000000009c7      0x2ec chalk/appinfo.auto.c.9.o
                                        0x3de (size before relaxing)
 .debug_str     0x0000000000000cb3       0x73 chalk/src/resource_ids.auto.c.9.o
                                        0x13a (size before relaxing)
 .debug_str     0x0000000000000d26       0x18 src/message_keys.auto.c.9.o
                                        0x117 (size before relaxing)
 .debug_str     0x0000000000000d3e      0x748 /home/ogrecooper/repos/pulsar-watchface/node_modules/pebble-fctx/dist/binaries/chalk/libpebble-fctx.a(fctx.c.24.o)
                                        0xbfe (size before relaxing)
 .debug_str     0x0000000000001486       0xf1 /home/ogrecooper/repos/pulsar-watchface/node_modules/pebble-fctx/dist/binaries/chalk/libpebble-fctx.a(ffont.c.24.o)
                                        0x38a (size before relaxing)
 .debug_str     0x0000000000001577       0x6b /home/ogrecooper/repos/pulsar-watchface/node_modules/pebble-utf8/dist/binaries/chalk/libpebble-utf8.a(pebble-utf8.c.24.o)
                                        0x141 (size before relaxing)

.debug_frame    0x0000000000000000      0x6e0
 .debug_frame   0x0000000000000000       0xa0 src/c/pulsar.c.9.o
 .debug_frame   0x00000000000000a0      0x51c /home/ogrecooper/repos/pulsar-watchface/node_modules/pebble-fctx/dist/binaries/chalk/libpebble-fctx.a(fctx.c.24.o)
 .debug_frame   0x00000000000005bc       0xe4 /home/ogrecooper/repos/pulsar-watchface/node_modules/pebble-fctx/dist/binaries/chalk/libpebble-fctx.a(ffont.c.24.o)
 .debug_frame   0x00000000000006a0       0x40 /home/ogrecooper/repos/pulsar-watchface/node_modules/pebble-utf8/dist/binaries/chalk/libpebble-utf8.a(pebble-utf8.c.24.o)
